| .github/workflows/invalid-attestations.yml:11:5:17:40 | Job: unused-permissions | The Actions token grants 'attestations' as a write permission without a matching write sink. Prefer job-scoped least-privilege permissions. |
| .github/workflows/invalid-attestations.yml:11:5:17:40 | Job: unused-permissions | The Actions token grants 'id-token' as a write permission without a matching write sink. Prefer job-scoped least-privilege permissions. |
| .github/workflows/invalid-attestations.yml:20:5:28:37 | Job: missing-subject | The Actions token grants 'attestations' as a write permission without a matching write sink. Prefer job-scoped least-privilege permissions. |
| .github/workflows/invalid-attestations.yml:20:5:28:37 | Job: missing-subject | The Actions token grants 'id-token' as a write permission without a matching write sink. Prefer job-scoped least-privilege permissions. |
| .github/workflows/invalid-attestations.yml:31:5:40:60 | Job: unpinned-attest | The Actions token grants 'attestations' as a write permission without a matching write sink. Prefer job-scoped least-privilege permissions. |
| .github/workflows/invalid-attestations.yml:31:5:40:60 | Job: unpinned-attest | The Actions token grants 'id-token' as a write permission without a matching write sink. Prefer job-scoped least-privilege permissions. |
| .github/workflows/invalid-attestations.yml:43:5:55:41 | Job: mixed-predicate-modes | The Actions token grants 'attestations' as a write permission without a matching write sink. Prefer job-scoped least-privilege permissions. |
| .github/workflows/invalid-attestations.yml:43:5:55:41 | Job: mixed-predicate-modes | The Actions token grants 'id-token' as a write permission without a matching write sink. Prefer job-scoped least-privilege permissions. |
